2026-05-28T22:51:14+00:00 DEBUG #8873 - [New Request] GET /mgwp/wordpress/wp-admin/admin.php
2026-05-28T22:51:14+00:00 DEBUG #8873 - GET https://api.woocommerce.com/integrations/ppc/v1/customer/partners/K8SKZ36LQBWXJ/merchant-integrations/
Response: Array
(
    [code] => 404
    [message] => Not Found
)

Response Body: {"statusCode":404,"error":"Not Found","message":"Not Found"}

2026-05-28T22:51:14+00:00 WARNING #8873 - [Error] Not Found CONTEXT: {"args":{"method":"GET","headers":{"Authorization":"Bearer token","Content-Type":"application/json"}},"response":{"headers":{},"body":"{"statusCode":404,"error":"Not Found","message":"Not Found"}","response":{"code":404,"message":"Not Found"},"cookies":[],"filename":null,"http_response":{"data":null,"headers":null,"status":null}}}
2026-05-28T22:51:18+00:00 DEBUG #9103 - [New Request] GET /mgwp/wordpress/index.php
2026-05-28T22:51:18+00:00 DEBUG #9103 - GET https://api.woocommerce.com/integrations/ppc/v1/notifications/webhooks
Response: Array
(
    [code] => 404
    [message] => Not Found
)

Response Body: {"statusCode":404,"error":"Not Found","message":"Not Found"}

2026-05-28T22:51:32+00:00 DEBUG #3383 - [New Request] POST /mgwp/wordpress/index.php
2026-05-28T22:51:32+00:00 INFO #3383 - Generating onboarding URL for: production-express_checkout-
2026-05-28T22:51:33+00:00 DEBUG #3383 - POST https://api.woocommerce.com/integrations/ppc/v2/customer/partner-referrals
Request Body: {"partner_config_override":{"return_url":"http:\/\/localhost\/mgwp\/wordpress\/wp-admin\/admin.php?page=wc-settings&tab=checkout&section=ppcp-gateway&ppcpToken=eyJrIjoicHJvZHVjdGlvbi1leHByZXNzX2NoZWNrb3V0LSIsInUiOjEsImgiOiJlYmNjZWU1YjQxYmNmNTA2ZTZiNzExODIwNDU5OTE2MSJ9","return_url_description":"Return to your shop.","show_add_credit_card":false},"products":["EXPRESS_CHECKOUT"],"legal_consents":[{"type":"SHARE_DATA_CONSENT","granted":true}],"operations":[{"operation":"API_INTEGRATION","api_integration_preference":{"rest_api_integration":{"integration_method":"PAYPAL","integration_type":"FIRST_PARTY","first_party_details":{"features":["PAYMENT","REFUND","ADVANCED_TRANSACTIONS_SEARCH","TRACKING_SHIPMENT_READWRITE","BILLING_AGREEMENT"],"seller_nonce":"a1233wtergfsdt4365tzrshgfbaewa36AGa1233wtergfsdt4365tzrshgfbaewa36AG"}}}}]}
Response Debug ID: 731c67a9b6641
Response: Array
(
    [code] => 201
    [message] => Created
)


2026-05-28T22:51:36+00:00 DEBUG #2107 - [New Request] POST /mgwp/wordpress/index.php
2026-05-28T22:51:36+00:00 DEBUG #2107 - Loaded onboarding URL from cache: production-express_checkout-
2026-05-28T22:51:36+00:00 INFO #2107 - Using cached onboarding URL for: production-express_checkout-
2026-05-28T22:51:37+00:00 DEBUG #4718 - [New Request] POST /mgwp/wordpress/index.php
2026-05-28T22:51:37+00:00 DEBUG #4718 - Loaded onboarding URL from cache: production-express_checkout-
2026-05-28T22:51:37+00:00 INFO #4718 - Using cached onboarding URL for: production-express_checkout-
2026-05-28T22:53:35+00:00 DEBUG #2606 - [New Request] GET /mgwp/wordpress/wp-admin/admin.php
2026-05-28T22:53:35+00:00 DEBUG #2606 - GET https://api.woocommerce.com/integrations/ppc/v1/customer/partners/K8SKZ36LQBWXJ/merchant-integrations/
Response: Array
(
    [code] => 404
    [message] => Not Found
)

Response Body: {"statusCode":404,"error":"Not Found","message":"Not Found"}

2026-05-28T22:53:35+00:00 WARNING #2606 - [Error] Not Found CONTEXT: {"args":{"method":"GET","headers":{"Authorization":"Bearer token","Content-Type":"application/json"}},"response":{"headers":{},"body":"{"statusCode":404,"error":"Not Found","message":"Not Found"}","response":{"code":404,"message":"Not Found"},"cookies":[],"filename":null,"http_response":{"data":null,"headers":null,"status":null}}}
